// special
// right before m_Do_graphic::mDoGph_gInf_c::m_aspect
8051dfc8:isWidescreen
80012084:dbg_inst

// memory
8000443c:memset
80004338:memcpy
8024f1c4:memalign

// OSModule.o
800030C8:osModuleList

// m_Do_printf.o
80009218:OSReport

// m_Do_ext.o
// text
80014ad8:getArchiveHeapPtr

// m_Do_MemCard.o
// data
8043f860:MemCardWorkArea0

// d_stage
8002ae84:roomTresureInit
8002c4c0:setTresure
8002995c:ActorCreate
8002a380:actorInit
8002a43c:actorInit_always
8002a200:actorCommonLayerInit
8002a4e0:tgscInfoInit
8002b2cc:roomLoader

// data
8051e6f8:AssertHeap
8051e6fc:DbPrintHeap
8051e700:gameHeap
8051e704:zeldaHeap
8051e708:commandHeap
8051e70c:archiveHeap
8051e710:j2dHeap

// d_save.o
8003743c:getRupeeMax
800393c8:getSave
800393f8:putSave
80038cf0:onEventBit
80038d08:offEventBit
80037528:isDarkClearLV
80037564:isTransformLV
803bc210:saveBitLabels
800386a0:onCollectMirror
80038664:onCollectCrystal
80037860:setItem
80038cb4:isDungeonItem
80038d20:isEventBit
80038b94:onSwitch_dSv_memBit
80038be4:isSwitch_dSv_memBit
800378d4:setLineUpItem
80038780:onLightDropGetFlag

// d_event.o
80045890:defaultSkipStb
80045ae0:skipper

// DynamicLink.o
8024ec48:do_link
8024eee0:do_unlink
8051ecc0:m_heap

// f_op_draw_tag.o
804637f0:matrixInfo

// f_op_scene_req.o
// data
8051e850:g_dComIfAc_gameInfo
8051e09c:freezeActors
8051e768:sConsole
8051e770:bossFlags
8051e794:fopAc_ac_c__stopStatus
//l_fopScnRq_IsUsingOfOverlap
8051e7b0:isLoading
8051e7f0:homeMenuSts

// f_ap_game.o
8001e818:fapGm_Execute

// f_op_actor_mng.o
80021420:createItemForPresentDemo
800214ac:createItemForTrBoxDemo
80021978:createItemForBoss
80021a38:createItemForMidBoss
80021a84:createItemForDirectGet

// d_map_path_dmap.o
800425a0:getMapPlayerPos

// d_item.o
80092040:checkItemGet

// d_a_alink.h
800a9744:setStickData
800b28c8:checkHeavyStateOn
800bcb24:procAutoJumpInit
800be378:procCrouchInit
800cfab8:procDamageInit
8010df8c:checkTreasureRupeeReturn
80112244:procGanonFinishInit
801122c8:procGanonFinish
80127e1c:procWolfDamageInit

// data
803cdf48:climbVars
803cd59c:wallMoveVars
803cdb38:lanternVars
803cdbb0:ironBootsVars

// d_menu_collect.o
801976fc:setWalletMaxNum

// d_meter2.o
8020c280:moveLife
8020c6a4:moveKantera
8020ca54:moveOxygen
8020d194:moveRupee

// d_meter2_draw.o
801fd2a0:setAlphaLifeAnimeMin
801fd300:setAlphaLifeAnimeMax

// JKRHeap.o
802cf030:__nw_JKRHeap
802cf064:__dl_JKRHeap

// JKRExpHeap.o
802cf4a8:do_alloc_JKRExpHeap
802cfb34:do_free_JKRExpHeap

// OSCache.o
// 80346148:DCEnable
// 8034615c:DCInvalidateRange
80332678:DCFlushRange
// 803461b8:DCStoreRange
// 803461e8:DCFlushRangeNoSync
// 80346214:DCStoreRangeNoSync
// 80346240:DCZeroRange
8033275c:ICInvalidateRange
// 803462a0:ICFlashInvalidate
// 803462b0:ICEnable
// 803462c4:__LCEnable
// 80346390:LCEnable
// 803463c8:LCDisable
// 803463f0:LCStoreBlocks
// 80346414:LCStoreData
// 803464b4:LCQueueWait
// There is no L2GlobalInvalidate on Wii
// 00000000:L2GlobalInvalidate
// 803464c8:DMAErrorHandler
// 80346610:__OSCacheInit

// os.o
800000F8:__OSBusClock

// OSTime.o
8033ba04:OSGetTime
8033ba1c:OSGetTick

// runtime.o
803aa60c:_savefpr_14
803aa610:_savefpr_15
803aa614:_savefpr_16
803aa618:_savefpr_17
803aa61c:_savefpr_18
803aa620:_savefpr_19
803aa624:_savefpr_20
803aa628:_savefpr_21
803aa62c:_savefpr_22
803aa630:_savefpr_23
803aa634:_savefpr_24
803aa638:_savefpr_25
803aa63c:_savefpr_26
803aa640:_savefpr_27
803aa644:_savefpr_28
803aa648:_savefpr_29
803aa64c:_savefpr_30
803aa650:_savefpr_31

803aa6a4:_savegpr_14
803aa6a8:_savegpr_15
803aa6ac:_savegpr_16
803aa6b0:_savegpr_17
803aa6b4:_savegpr_18
803aa6b8:_savegpr_19
803aa6bc:_savegpr_20
803aa6c0:_savegpr_21
803aa6c4:_savegpr_22
803aa6c8:_savegpr_23
803aa6cc:_savegpr_24
803aa6d0:_savegpr_25
803aa6d4:_savegpr_26
803aa6d8:_savegpr_27
803aa6dc:_savegpr_28
803aa6e0:_savegpr_29
803aa6e4:_savegpr_30
803aa6e8:_savegpr_31
803aa960:__umoddi3

// mem.o
803acf28:memcmp

// printf.o
803af7d4:sprintf
803af6fc:snprintf

// string.o
803afb14:strcmp
803afc30:strncmp
803af9e4:strcpy
803afaa4:strncpy
803aa028:strlen

// math
803b39d0:atan
803b3c10:ceil
803b3d50:copysign
803b3d7c:cos
803b3e50:floor
803b3f94:frexp
803b401c:ldexp
803b4188:sin
803b4260:tan
803b42d8:acos
803b42dc:asin
803b42e0:atan2
803b42e4:exp
803b42e8:fmod
803b42ec:pow
8025dc60:fastSqrt
803b4538:sqrt

// m_Do_controller_pad.o
// data
80430ee8:cpadInfo
80430fe8:m_pad

// d_com_inf_game.o
// data
80477db0:dComIfG_gameInfo

// d_kankyo.o
// data
8049e8d4:env_light

// JFWSystem.o
// data
8051ed28:systemConsole

// JUTGamePad
// data
804a6e20:mPadButton
804a6ee0:mPadMStick
804a6f20:mPadSStick

// c_counter
// data
804a3260:g_Counter

// JUTConsoleManager
802e789c:draw

// mem.o
803ace04:memmove

8051eca5:sPauseTimer

CC008000:wgPipe

800b99e0:commonProcInitNotSameProc
803cd3d8:crouchVars
800a3c78:getMainBckData
800d3448:setShieldGuard
800b63e0:setItemActor
801e0064:dMw_DOWN_TRIGGER
800bd3d4:procDiveJumpInit
800d3290:checkUpperGuardAnime
803cf030:m_anmDataTable
80148d88:checkBombItem
800c63f8:checkHorseRide
802527a0:cXyzAdd
80252828:cXyzMultiply
80032698:dComIfGp_getSelectItem
8001fa44:fopAcM_fastCreate
800db650:setGrabItemActor
80032f2c:dComIfGp_addSelectItemNum
803cca20:something
800d9eb0:setGrabUpperAnime
800eed08:procCrawlMoveInit
800b23f4:checkNextActionFromCrouch
8001f988:fopAcM_delete
80028270:fpcSch_JudgeForPName
8013148c:setClothesChange
800335e4:setSelectEquipClothes
8001f5c8:fopAcIt_Judge
8001f9d0:fopAcM_create
800a4780:setSingleAnime
800383a4:isFirstBit
8051eef8:mAudioMgrPtr
80291920:z2SeMgr_seStart
804a2020:g_meter2_info
80241b70:setBlackWhite
801fdefc:setAlphaOxygenAnimeMax
801fde84:setAlphaOxygenAnimeMin
8020ace4:dMeter2Info_setShield
80118ba4:setWoodShieldBurnOutEffect
800f9f58:procSwimDiveInit
800b05ac:swordUnequip
80114c18:setFootEffectProcType
800a53e8:setBlendMoveAnime
800b67dc:checkMagicArmorWearAbility
800b2818:checkMagicArmorHeavy
800ba040:procWaitInit
800b119c:checkNextAction
800adc38:checkFrontWallTypeAction
803cca78:moveVars
800bb620:procFrontRollInit
800b7e58:deleteEquipItem
800c7988:setSwordModel
800ca628:procCutJumpInit
803ccf40:cutTurnVars
803cd1d4:cutLargeJumpVars
803ccea8:cutFinalJumpVars
802d5f60:JKRArchivePub_getGlbResource
801fd360:drawKanteraScreen
800f9d50:procSwimMove
800cdef0:setDamagePoint
800c3588:drawLink
800d2e64:setArrowShieldActor
800d3544:setGuardSe
800ce6f8:checkDamageAction
800299f8:dStage_playerInit
80020904:fopAcM_orderTalkEvent
800bf504:execute_
800ba374:procMoveInit
800ba3d8:procMove
801f8604:drawMeter
8028dc70:setMessageCode_inSequence
800c9258:procCutNormalInit
800d3740:procGuardSlipInit
800f9a30:procSwimWait
800f871c:checkSwimUpAction
80091fec:execItemGet
800ba19c:procWait
800aa2a0:checkAtnWaitAnime
800bcec4:procAutoJump
800bda18:procFall
800d411c:procGuardBreakInit
800cab64:procCutTurnInit
800c97c0:procCutFinishInit
800cb054:procCutTurnChargeInit
800cc4ac:procCutLargeJumpChargeInit
800cc614:procCutLargeJumpInit
800bbfd8:procSideRollInit
800c9dec:procCutFinishJumpUpInit
800cbfc8:procCutHeadInit
800baa1c:procSideStepInit
800ba4fc:procAtnMove
800bc418:procBackJumpInit
800ba6d8:procAtnActorMove
80109360:procIronBallThrowInit
80108cbc:checkUpperItemActionIronBall
801095bc:procIronBallReturnInit
800b7048:checkCastleTownUseItem
800f51d0:procClimbMoveUpDownInit
800f5588:procClimbMoveSideInit
800f5a50:procClimbWait
800f4b80:procClimbUpStartInit
800f0cdc:procHangWait
800f0f70:procHangMove
800f0900:procHangFallStart
800336c4:setSelectEquipShield
800aa3d4:checkRestHPAnime
800dbdc0:procGrabThrowInit
800db758:procGrabReadyInit
800f35d4:procLadderMove
800b0164:checkSideRollAction
800d3c84:procGuardAttackInit
804a0a60:g_drawHIO
80038378:offFirstBit
800b06b8:itemUnequip
801fd7d0:setAlphaMagicChange
803cef5c:m_mainBckShield
8028df58:getResource_groupID
803ce0e8:swimStuff
8025aa88:cLib_addCalcAngleS
800ba560:procAtnActorWaitInit
8010a3f0:checkEventRun
803cd424:jumpStuff
804ac4a0:sincosTable_
800bd758:procFallInit
801fdc48:drawOxygen
80211ef0:alphaAnimeOxygen
800dc128:procGrabPutInit
8051e81c:mStayNo
800969ec:checkStageName
80205ef0:setFloatingMessage
800f8c60:setSwimMoveAnime
800f8038:checkNextActionSwim
800f72a4:getSwimFrontMaxSpeed
800f7598:setWaterInAnmRate
800b0418:swordEquip
800a4a84:setUpperAnime
80036990:checkWaterBomb
803cd248:cutVars
803cdf0c:itemVars
803ccefc:cutJumpVars
800eee50:procCrawlMove
803cd358:guardVars
80245f34:changeGameScene
8016708c:checkRide
8051eab0:m_midnaActor
800be4c4:procCoMetamorphoseInit
800ee210:decideCrawlDoStatus
803cee30:l_crawlStandUpOffset
80345744:PSMTXMultVec
80345824:PSMTXMultVecSR
803cee00:l_crawlFrontUpOffset
803cee18:l_crawlBackUpOffset
803ceea8:l_crawlMinSideOffset
800ee2fc:checkNotCrawlStand
800ee35c:checkNotCrawlStand2
800a91a0:getSlidePolygon
800ef5e4:procCrawlEndInit
802f8090:searchhh
802fc478:changeTexturee
801ff1f8:drawButtonA
80253490:randVal
800d42d4:procTurnMoveInit
800cb7f4:procCutDownInit
803ef85c:field_item_res
80094994:check_itemno
800d4544:procTurnMove
800c751c:checkLightSwordMtrl
8011a5c0:changeLink
800b273c:setMagicArmorBrk
800cb330:procCutTurnMove
800d0170:procCoLargeDamageInit
800b61a8:setMetamorphoseModel
801ccee4:optionInitialize
801cba58:setAttenString
801c8224:atten_move
801cbc10:setCameraString
801cbcec:setPointerString
801c8780:camera_move
801c8a58:pointer_move
801c8fbc:calibration_init
8003f790:getResWii
801c6cdc:deleteOptionsMenu
801c7578:optionsMenuMove
801c94c4:confirm_open_init
801f8078:drawMeter2Init
801ffb10:drawButtonR
801ff1f8:drawButtonA
801f0434:buttonMeterString
801c994c:confirm_close_init
80147558:itemGetNextExecute
80145d94:CreateInitItem
80021d7c:fopAcM_fastCreateItem2
80206e30:readItemTexture
801c8a00:pointer_init
800eeab8:procCrawlStartInit
801c8ce4:shortcut_init
800c8ed0:checkCutLargeTurnState
800b5ba8:seStartOnlyReverb
80146890:procInitSimpleGetDemo
8029271c:z2SeMgr_seStartLevel
803cd32c:turnMoveVars